<area shape="rect" id="node1" href="BaseCallMessage.html" title="Packet BaseCallMessage" alt="" coords="2237,83,2365,111">
<area shape="rect" id="node4" href="BucketCall.html" title="Packet BucketCall" alt="" coords="5,161,91,189">
<area shape="rect" id="node6" href="CoordsOfNodeCall.html" title="Packet CoordsOfNodeCall" alt="" coords="115,161,245,189">
<area shape="rect" id="node8" href="CoordsReqCall.html" title="Packet CoordsReqCall" alt="" coords="269,161,379,189">
<area shape="rect" id="node10" href="DeBruijnCall.html" title="Packet DeBruijnCall" alt="" coords="403,161,496,189">
<area shape="rect" id="node12" href="DHTdumpCall.html" title="Packet DHTdumpCall" alt="" coords="520,161,624,189">
<area shape="rect" id="node14" href="DHTGetCall.html" title="Packet DHTGetCall" alt="" coords="648,161,741,189">
<area shape="rect" id="node16" href="DHTgetCAPICall.html" title="Packet DHTgetCAPICall" alt="" coords="765,161,888,189">
<area shape="rect" id="node18" href="DHTPutCall.html" title="Packet DHTPutCall" alt="" coords="912,161,1005,189">
<area shape="rect" id="node20" href="DHTputCAPICall.html" title="Packet DHTputCAPICall" alt="" coords="1029,161,1152,189">
<area shape="rect" id="node22" href="FailedNodeCall.html" title="Packet FailedNodeCall" alt="" coords="1176,161,1285,189">
<area shape="rect" id="node24" href="FindNodeCall.html" title="Packet FindNodeCall" alt="" coords="1309,161,1411,189">
<area shape="rect" id="node26" href="FixfingersCall.html" title="Packet FixfingersCall" alt="" coords="1435,161,1536,189">
<area shape="rect" id="node28" href="JoinCall.html" title="Packet JoinCall" alt="" coords="1560,161,1632,189">
<area shape="rect" id="node30" href="KbrTestCall.html" title="Packet KbrTestCall" alt="" coords="1656,161,1747,189">
<area shape="rect" id="node32" href="LookupCall.html" title="Packet LookupCall" alt="" coords="1771,161,1856,189">
<area shape="rect" id="node34" href="MyNeighborCall.html" title="Packet MyNeighborCall" alt="" coords="1880,161,1995,189">
<area shape="rect" id="node36" href="NextHopCall.html" title="Packet NextHopCall" alt="" coords="2019,161,2115,189">
<area shape="rect" id="node38" href="NotifyCall.html" title="Packet NotifyCall" alt="" coords="2139,161,2219,189">
<area shape="rect" id="node40" href="NTreeDivideCall.html" title="Packet NTreeDivideCall" alt="" coords="2243,161,2360,189">
<area shape="rect" id="node42" href="NTreeJoinCall.html" title="Packet NTreeJoinCall" alt="" coords="2384,161,2488,189">
<area shape="rect" id="node44" href="NTreePingCall.html" title="Packet NTreePingCall" alt="" coords="2512,161,2619,189">
<area shape="rect" id="node46" href="P2pnsRegisterCall.html" title="Packet P2pnsRegisterCall" alt="" coords="2643,161,2773,189">
<area shape="rect" id="node48" href="P2pnsResolveCall.html" title="Packet P2pnsResolveCall" alt="" coords="2797,161,2928,189">
<area shape="rect" id="node50" href="PingCall.html" title="Packet PingCall" alt="" coords="2952,161,3024,189">
<area shape="rect" id="node52" href="PubSubAdoptChildCall.html" title="Packet PubSubAdoptChildCall" alt="" coords="3048,161,3203,189">
<area shape="rect" id="node54" href="PubSubBackupCall.html" title="Packet PubSubBackupCall" alt="" coords="3227,161,3360,189">
<area shape="rect" id="node56" href="PubSubHelpCall.html" title="Packet PubSubHelpCall" alt="" coords="3384,161,3501,189">
<area shape="rect" id="node58" href="PubSubIntermediateCall.html" title="Packet PubSubIntermediateCall" alt="" coords="3525,161,3688,189">
<area shape="rect" id="node60" href="PubSubJoinCall.html" title="Packet PubSubJoinCall" alt="" coords="3712,161,3827,189">
<area shape="rect" id="node62" href="PubSubPingCall.html" title="Packet PubSubPingCall" alt="" coords="3851,161,3968,189">
<area shape="rect" id="node64" href="PubSubResponsibleNodeCall.html" title="Packet PubSubResponsibleNodeCall" alt="" coords="3992,161,4187,189">
<area shape="rect" id="node66" href="PubSubSubscriptionCall.html" title="Packet PubSubSubscriptionCall" alt="" coords="4211,161,4373,189">
<area shape="rect" id="node68" href="PubSubTakeOverSubspaceCall.html" title="Packet PubSubTakeOverSubspaceCall" alt="" coords="4397,161,4603,189">
<area shape="rect" id="node70" href="RttToNodeCall.html" title="Packet RttToNodeCall" alt="" coords="4627,161,4736,189">
<area shape="rect" id="node72" href="ScribeJoinCall.html" title="Packet ScribeJoinCall" alt="" coords="4760,161,4867,189">
<area shape="rect" id="node74" href="ScribePublishCall.html" title="Packet ScribePublishCall" alt="" coords="4891,161,5016,189">
<area shape="rect" id="node76" href="StabilizeCall.html" title="Packet StabilizeCall" alt="" coords="5040,161,5133,189">
<area shape="rect" id="node2" href="BaseRpcMessage.html" title="Packet BaseRpcMessage" alt="" coords="2237,6,2365,34">
