<area shape="rect" id="node1" href="BaseResponseMessage.html" title="Packet BaseResponseMessage" alt="" coords="2887,83,3049,111">
<area shape="rect" id="node4" href="BucketResponse.html" title="Packet BucketResponse" alt="" coords="5,161,128,189">
<area shape="rect" id="node6" href="CoordsOfNodeResponse.html" title="Packet CoordsOfNodeResponse" alt="" coords="152,161,320,189">
<area shape="rect" id="node8" href="CoordsReqResponse.html" title="Packet CoordsReqResponse" alt="" coords="344,161,491,189">
<area shape="rect" id="node10" href="DeBruijnResponse.html" title="Packet DeBruijnResponse" alt="" coords="515,161,645,189">
<area shape="rect" id="node12" href="DHTdumpResponse.html" title="Packet DHTdumpResponse" alt="" coords="669,161,811,189">
<area shape="rect" id="node14" href="DHTgetCAPIResponse.html" title="Packet DHTgetCAPIResponse" alt="" coords="835,161,992,189">
<area shape="rect" id="node16" href="DHTGetResponse.html" title="Packet DHTGetResponse" alt="" coords="1016,161,1147,189">
<area shape="rect" id="node18" href="DHTputCAPIResponse.html" title="Packet DHTputCAPIResponse" alt="" coords="1171,161,1328,189">
<area shape="rect" id="node20" href="DHTPutResponse.html" title="Packet DHTPutResponse" alt="" coords="1352,161,1480,189">
<area shape="rect" id="node22" href="FailedNodeResponse.html" title="Packet FailedNodeResponse" alt="" coords="1504,161,1651,189">
<area shape="rect" id="node24" href="FindNodeResponse.html" title="Packet FindNodeResponse" alt="" coords="1675,161,1811,189">
<area shape="rect" id="node26" href="FixfingersResponse.html" title="Packet FixfingersResponse" alt="" coords="1835,161,1973,189">
<area shape="rect" id="node28" href="JoinResponse.html" title="Packet JoinResponse" alt="" coords="1997,161,2101,189">
<area shape="rect" id="node30" href="KbrTestResponse.html" title="Packet KbrTestResponse" alt="" coords="2125,161,2251,189">
<area shape="rect" id="node32" href="LookupResponse.html" title="Packet LookupResponse" alt="" coords="2275,161,2397,189">
<area shape="rect" id="node34" href="MyNeighborResponse.html" title="Packet MyNeighborResponse" alt="" coords="2421,161,2571,189">
<area shape="rect" id="node36" href="NextHopResponse.html" title="Packet NextHopResponse" alt="" coords="2595,161,2728,189">
<area shape="rect" id="node38" href="NotifyResponse.html" title="Packet NotifyResponse" alt="" coords="2752,161,2867,189">
<area shape="rect" id="node40" href="NTreeDivideResponse.html" title="Packet NTreeDivideResponse" alt="" coords="2891,161,3045,189">
<area shape="rect" id="node42" href="NTreeJoinResponse.html" title="Packet NTreeJoinResponse" alt="" coords="3069,161,3211,189">
<area shape="rect" id="node44" href="NTreePingResponse.html" title="Packet NTreePingResponse" alt="" coords="3235,161,3376,189">
<area shape="rect" id="node46" href="P2pnsRegisterResponse.html" title="Packet P2pnsRegisterResponse" alt="" coords="3400,161,3565,189">
<area shape="rect" id="node48" href="P2pnsResolveResponse.html" title="Packet P2pnsResolveResponse" alt="" coords="3589,161,3755,189">
<area shape="rect" id="node50" href="PingResponse.html" title="Packet PingResponse" alt="" coords="3779,161,3885,189">
<area shape="rect" id="node52" href="PubSubAdoptChildResponse.html" title="Packet PubSubAdoptChildResponse" alt="" coords="3909,161,4099,189">
<area shape="rect" id="node54" href="PubSubBackupResponse.html" title="Packet PubSubBackupResponse" alt="" coords="4123,161,4293,189">
<area shape="rect" id="node56" href="PubSubHelpResponse.html" title="Packet PubSubHelpResponse" alt="" coords="4317,161,4472,189">
<area shape="rect" id="node58" href="PubSubIntermediateResponse.html" title="Packet PubSubIntermediateResponse" alt="" coords="4496,161,4693,189">
<area shape="rect" id="node60" href="PubSubJoinResponse.html" title="Packet PubSubJoinResponse" alt="" coords="4717,161,4867,189">
<area shape="rect" id="node62" href="PubSubPingResponse.html" title="Packet PubSubPingResponse" alt="" coords="4891,161,5043,189">
<area shape="rect" id="node64" href="PubSubResponsibleNodeResponse.html" title="Packet PubSubResponsibleNodeResponse" alt="" coords="5067,161,5296,189">
<area shape="rect" id="node66" href="PubSubSubscriptionResponse.html" title="Packet PubSubSubscriptionResponse" alt="" coords="5320,161,5517,189">
<area shape="rect" id="node68" href="PubSubTakeOverSubspaceResponse.html" title="Packet PubSubTakeOverSubspaceResponse" alt="" coords="5541,161,5784,189">
<area shape="rect" id="node70" href="RttToNodeResponse.html" title="Packet RttToNodeResponse" alt="" coords="5808,161,5952,189">
<area shape="rect" id="node72" href="ScribeJoinResponse.html" title="Packet ScribeJoinResponse" alt="" coords="5976,161,6117,189">
<area shape="rect" id="node74" href="ScribePublishResponse.html" title="Packet ScribePublishResponse" alt="" coords="6141,161,6301,189">
<area shape="rect" id="node76" href="StabilizeResponse.html" title="Packet StabilizeResponse" alt="" coords="6325,161,6456,189">
<area shape="rect" id="node2" href="BaseRpcMessage.html" title="Packet BaseRpcMessage" alt="" coords="2904,6,3032,34">
