<area shape="rect" id="node1" href="oversim.underlay.inetunderlay.AccessNet.html" title="Simple Module AccessNet" alt="" coords="5039,6,5124,34">
<area shape="rect" id="node2" href="oversim.underlay.inetunderlay.AccessRouter.html" title="Compound Module AccessRouter" alt="" coords="5148,6,5252,34">
<area shape="rect" id="node3" href="oversim.underlay.inetunderlay.ipv6.AccessRouter6.html" title="Compound Module AccessRouter6" alt="" coords="5276,6,5388,34">
<area shape="rect" id="node4" href="oversim.applications.almtest.ALMTest.html" title="Simple Module ALMTest" alt="" coords="3667,161,3741,189">
<area shape="rect" id="node5" href="oversim.common.BaseApp.html" title="Simple Module BaseApp" alt="" coords="4561,83,4636,111">
<area shape="rect" id="node18" href="oversim.common.BootstrapList.html" title="Simple Module BootstrapList" alt="" coords="3765,161,3864,189">
<area shape="rect" id="node20" href="oversim.common.cbr.CBRDHT.html" title="Simple Module CBRDHT" alt="" coords="3888,161,3965,189">
<area shape="rect" id="node22" href="oversim.applications.dht.DHT.html" title="Simple Module DHT" alt="" coords="3989,161,4061,189">
<area shape="rect" id="node24" href="oversim.tier2.dhttestapp.DHTTestApp.html" title="Simple Module DHTTestApp" alt="" coords="4085,161,4184,189">
<area shape="rect" id="node26" href="oversim.applications.giasearchapp.GIASearchApp.html" title="Simple Module GIASearchApp" alt="" coords="4208,161,4317,189">
<area shape="rect" id="node28" href="oversim.applications.i3.I3.html" title="Simple Module I3" alt="" coords="4341,161,4413,189">
<area shape="rect" id="node30" href="oversim.applications.kbrtestapp.KBRTestApp.html" title="Simple Module KBRTestApp" alt="" coords="4437,161,4536,189">
<area shape="rect" id="node32" href="oversim.common.cbr.Landmark.html" title="Simple Module Landmark" alt="" coords="4560,161,4637,189">
<area shape="rect" id="node34" href="oversim.applications.myapplication.MyApplication.html" title="Simple Module MyApplication" alt="" coords="4661,161,4765,189">
<area shape="rect" id="node36" href="oversim.common.NeighborCache.html" title="Simple Module NeighborCache" alt="" coords="4789,161,4901,189">
<area shape="rect" id="node38" href="oversim.tier2.p2pns.P2pns.html" title="Simple Module P2pns" alt="" coords="4925,161,4997,189">
<area shape="rect" id="node40" href="oversim.applications.scribe.Scribe.html" title="Simple Module Scribe" alt="" coords="5021,161,5093,189">
<area shape="rect" id="node42" href="oversim.tier2.simmud.SimMud.html" title="Simple Module SimMud" alt="" coords="5117,161,5189,189">
<area shape="rect" id="node44" href="oversim.applications.simplegameclient.SimpleGameClient.html" title="Simple Module SimpleGameClient" alt="" coords="5213,161,5344,189">
<area shape="rect" id="node46" href="oversim.applications.tcpexampleapp.TCPExampleApp.html" title="Simple Module TCPExampleApp" alt="" coords="5368,161,5491,189">
<area shape="rect" id="node48" href="oversim.common.TierDummy.html" title="Simple Module TierDummy" alt="" coords="3552,161,3643,189">
<area shape="rect" id="node50" href="oversim.tier3.xmlrpcinterface.XmlRpcInterface.html" title="Simple Module XmlRpcInterface" alt="" coords="5515,161,5635,189">
<area shape="rect" id="node7" href="oversim.applications.almtest.ALMTestModule.html" title="Compound Module ALMTestModule" alt="" coords="5,161,123,189">
<area shape="rect" id="node8" href="oversim.common.ITier.html" title="Module Interface ITier" alt="" coords="1719,83,1791,111">
<area shape="rect" id="node86" href="oversim.common.cbr.CBRDHTModules.html" title="Compound Module CBRDHTModules" alt="" coords="147,161,275,189">
<area shape="rect" id="node117" href="oversim.applications.dht.DHTModules.html" title="Compound Module DHTModules" alt="" coords="299,161,397,189">
<area shape="rect" id="node119" href="oversim.tier2.dhttestapp.DHTTestAppModules.html" title="Compound Module DHTTestAppModules" alt="" coords="421,161,568,189">
<area shape="rect" id="node138" href="oversim.applications.giasearchapp.GIASearchAppModules.html" title="Compound Module GIASearchAppModules" alt="" coords="592,161,749,189">
<area shape="rect" id="node159" href="oversim.applications.i3.i3Apps.I3Anycast.html" title="Simple Module I3Anycast" alt="" coords="773,161,853,189">
<area shape="rect" id="node161" href="oversim.applications.i3.i3Apps.I3Composite.html" title="Simple Module I3Composite" alt="" coords="877,161,973,189">
<area shape="rect" id="node163" href="oversim.applications.i3.i3Apps.I3HostMobility.html" title="Simple Module I3HostMobility" alt="" coords="997,161,1104,189">
<area shape="rect" id="node165" href="oversim.applications.i3.i3Apps.I3LatencyStretch.html" title="Simple Module I3LatencyStretch" alt="" coords="1128,161,1248,189">
<area shape="rect" id="node167" href="oversim.applications.i3.i3Apps.I3Multicast.html" title="Simple Module I3Multicast" alt="" coords="1272,161,1357,189">
<area shape="rect" id="node169" href="oversim.applications.i3.i3Apps.I3SessionClient.html" title="Simple Module I3SessionClient" alt="" coords="1381,161,1496,189">
<area shape="rect" id="node171" href="oversim.applications.i3.i3Apps.I3SessionClientStarter.html" title="Simple Module I3SessionClientStarter" alt="" coords="1520,161,1672,189">
<area shape="rect" id="node173" href="oversim.applications.i3.i3Apps.I3SessionServer.html" title="Simple Module I3SessionServer" alt="" coords="1696,161,1813,189">
<area shape="rect" id="node176" href="oversim.applications.i3.i3Apps.I3TRTClient.html" title="Simple Module I3TRTClient" alt="" coords="1837,161,1931,189">
<area shape="rect" id="node229" href="oversim.applications.kbrtestapp.KBRTestAppModules.html" title="Compound Module KBRTestAppModules" alt="" coords="1955,161,2101,189">
<area shape="rect" id="node231" href="oversim.common.cbr.LandmarkModules.html" title="Compound Module LandmarkModules" alt="" coords="2125,161,2253,189">
<area shape="rect" id="node233" href="oversim.applications.scribe.MulticastScribe.html" title="Compound Module MulticastScribe" alt="" coords="2277,161,2389,189">
<area shape="rect" id="node235" href="oversim.applications.myapplication.MyApplicationModules.html" title="Compound Module MyApplicationModules" alt="" coords="2413,161,2565,189">
<area shape="rect" id="node237" href="oversim.applications.i3.OverlayI3.html" title="Compound Module OverlayI3" alt="" coords="2589,161,2667,189">
<area shape="rect" id="node239" href="oversim.tier2.p2pns.P2pnsModules.html" title="Compound Module P2pnsModules" alt="" coords="2691,161,2797,189">
<area shape="rect" id="node241" href="oversim.tier2.simmud.SimMudModules.html" title="Compound Module SimMudModules" alt="" coords="2821,161,2939,189">
<area shape="rect" id="node243" href="oversim.applications.simplegameclient.SimpleGameClientModules.html" title="Compound Module SimpleGameClientModules" alt="" coords="2963,161,3141,189">
<area shape="rect" id="node245" href="oversim.applications.tcpexampleapp.TCPExampleAppModules.html" title="Compound Module TCPExampleAppModules" alt="" coords="3165,161,3336,189">
<area shape="rect" id="node248" href="oversim.tier3.xmlrpcinterface.XmlRpcInterfaceModules.html" title="Compound Module XmlRpcInterfaceModules" alt="" coords="3360,161,3528,189">
<area shape="rect" id="node10" href="oversim.overlay.bamboo.Bamboo.html" title="Simple Module Bamboo" alt="" coords="5620,238,5692,266">
<area shape="rect" id="node11" href="oversim.overlay.pastry.BasePastry.html" title="Simple Module BasePastry" alt="" coords="5659,161,5749,189">
<area shape="rect" id="node81" href="oversim.overlay.pastry.Pastry.html" title="Simple Module Pastry" alt="" coords="5716,238,5788,266">
<area shape="rect" id="node13" href="oversim.overlay.bamboo.BambooModules.html" title="Compound Module BambooModules" alt="" coords="6371,83,6488,111">
<area shape="rect" id="node14" href="oversim.common.IOverlay.html" title="Module Interface IOverlay" alt="" coords="7349,6,7421,34">
<area shape="rect" id="node84" href="oversim.overlay.broose.BrooseModules.html" title="Compound Module BrooseModules" alt="" coords="6512,83,6624,111">
<area shape="rect" id="node89" href="oversim.overlay.chord.ChordModules.html" title="Compound Module ChordModules" alt="" coords="6648,83,6755,111">
<area shape="rect" id="node135" href="oversim.overlay.gia.GiaModules.html" title="Compound Module GiaModules" alt="" coords="6779,83,6869,111">
<area shape="rect" id="node207" href="oversim.overlay.kademlia.KademliaModules.html" title="Compound Module KademliaModules" alt="" coords="6893,83,7019,111">
<area shape="rect" id="node209" href="oversim.overlay.koorde.KoordeModules.html" title="Compound Module KoordeModules" alt="" coords="7043,83,7155,111">
<area shape="rect" id="node211" href="oversim.overlay.myoverlay.MyOverlayModules.html" title="Compound Module MyOverlayModules" alt="" coords="7179,83,7312,111">
<area shape="rect" id="node213" href="oversim.overlay.nice.NiceModules.html" title="Compound Module NiceModules" alt="" coords="7336,83,7435,111">
<area shape="rect" id="node215" href="oversim.overlay.ntree.NTreeModules.html" title="Compound Module NTreeModules" alt="" coords="7459,83,7565,111">
<area shape="rect" id="node217" href="oversim.applications.i3.OverlayDummyModules.html" title="Compound Module OverlayDummyModules" alt="" coords="7589,83,7752,111">
<area shape="rect" id="node219" href="oversim.overlay.pubsubmmog.OverlayPubSubLobby.html" title="Compound Module OverlayPubSubLobby" alt="" coords="7776,83,7923,111">
<area shape="rect" id="node221" href="oversim.overlay.pubsubmmog.OverlayPubSubMMOG.html" title="Compound Module OverlayPubSubMMOG" alt="" coords="7947,83,8101,111">
<area shape="rect" id="node223" href="oversim.overlay.quon.OverlayQuon.html" title="Compound Module OverlayQuon" alt="" coords="8125,83,8224,111">
<area shape="rect" id="node225" href="oversim.overlay.vast.OverlayVast.html" title="Compound Module OverlayVast" alt="" coords="8248,83,8341,111">
<area shape="rect" id="node227" href="oversim.overlay.pastry.PastryModules.html" title="Compound Module PastryModules" alt="" coords="8365,83,8475,111">
<area shape="rect" id="node16" href="oversim.common.BaseRpc.html" title="Simple Module BaseRpc" alt="" coords="5412,6,5487,34">
<area shape="rect" id="node52" href="oversim.common.BaseOverlay.html" title="Simple Module BaseOverlay" alt="" coords="6251,83,6347,111">
<area shape="rect" id="node55" href="oversim.overlay.broose.Broose.html" title="Simple Module Broose" alt="" coords="5773,161,5845,189">
<area shape="rect" id="node57" href="oversim.overlay.chord.Chord.html" title="Simple Module Chord" alt="" coords="5869,161,5941,189">
<area shape="rect" id="node59" href="oversim.overlay.gia.Gia.html" title="Simple Module Gia" alt="" coords="5965,161,6037,189">
<area shape="rect" id="node61" href="oversim.overlay.kademlia.Kademlia.html" title="Simple Module Kademlia" alt="" coords="6061,161,6136,189">
<area shape="rect" id="node63" href="oversim.overlay.koorde.Koorde.html" title="Simple Module Koorde" alt="" coords="6160,161,6232,189">
<area shape="rect" id="node65" href="oversim.overlay.myoverlay.MyOverlay.html" title="Simple Module MyOverlay" alt="" coords="6256,161,6341,189">
<area shape="rect" id="node67" href="oversim.overlay.nice.Nice.html" title="Simple Module Nice" alt="" coords="6365,161,6437,189">
<area shape="rect" id="node69" href="oversim.overlay.ntree.NTree.html" title="Simple Module NTree" alt="" coords="6461,161,6533,189">
<area shape="rect" id="node71" href="oversim.applications.i3.OverlayDummy.html" title="Simple Module OverlayDummy" alt="" coords="6557,161,6669,189">
<area shape="rect" id="node73" href="oversim.overlay.pubsubmmog.PubSubLobby.html" title="Simple Module PubSubLobby" alt="" coords="6693,161,6795,189">
<area shape="rect" id="node75" href="oversim.overlay.pubsubmmog.PubSubMMOG.html" title="Simple Module PubSubMMOG" alt="" coords="6819,161,6928,189">
<area shape="rect" id="node77" href="oversim.overlay.quon.Quon.html" title="Simple Module Quon" alt="" coords="6952,161,7024,189">
<area shape="rect" id="node79" href="oversim.overlay.vast.Vast.html" title="Simple Module Vast" alt="" coords="7048,161,7120,189">
<area shape="rect" id="node83" href="oversim.overlay.broose.BrooseBucket.html" title="Simple Module BrooseBucket" alt="" coords="7549,6,7653,34">
<area shape="rect" id="node88" href="oversim.overlay.chord.ChordFingerTable.html" title="Simple Module ChordFingerTable" alt="" coords="8091,6,8216,34">
<area shape="rect" id="node91" href="oversim.overlay.chord.ChordSuccessorList.html" title="Simple Module ChordSuccessorList" alt="" coords="8447,6,8585,34">
<area shape="rect" id="node92" href="oversim.common.ChurnGenerator.html" title="Simple Module ChurnGenerator" alt="" coords="8712,6,8827,34">
<area shape="rect" id="node93" href="oversim.common.LifetimeChurn.html" title="Simple Module LifetimeChurn" alt="" coords="8499,83,8600,111">
<area shape="rect" id="node95" href="oversim.common.NoChurn.html" title="Simple Module NoChurn" alt="" coords="8624,83,8699,111">
<area shape="rect" id="node97" href="oversim.common.ParetoChurn.html" title="Simple Module ParetoChurn" alt="" coords="8723,83,8816,111">
<area shape="rect" id="node99" href="oversim.common.RandomChurn.html" title="Simple Module RandomChurn" alt="" coords="8840,83,8947,111">
<area shape="rect" id="node101" href="oversim.common.TraceChurn.html" title="Simple Module TraceChurn" alt="" coords="8971,83,9061,111">
<area shape="rect" id="node103" href="oversim.overlay.vast.ConnectivityProbe.html" title="Simple Module ConnectivityProbe" alt="" coords="8851,6,8979,34">
<area shape="rect" id="node104" href="oversim.applications.simplegameclient.ConnectivityProbeApp.html" title="Simple Module ConnectivityProbeApp" alt="" coords="9003,6,9155,34">
<area shape="rect" id="node105" href="oversim.overlay.quon.ConnectivityProbeQuon.html" title="Simple Module ConnectivityProbeQuon" alt="" coords="9179,6,9339,34">
<area shape="rect" id="node106" href="oversim.underlay.reaseunderlay.ConnectReaSE.html" title="Simple Module ConnectReaSE" alt="" coords="9363,6,9475,34">
<area shape="rect" id="node107" href="oversim.common.cbr.CoordBasedRouting.html" title="Simple Module CoordBasedRouting" alt="" coords="9499,6,9637,34">
<area shape="rect" id="node108" href="oversim.common.cbr.CoordBasedRoutingModules.html" title="Compound Module CoordBasedRoutingModules" alt="" coords="9168,83,9355,111">
<area shape="rect" id="node109" href="oversim.common.IGlobalFunctions.html" title="Module Interface IGlobalFunctions" alt="" coords="9661,6,9781,34">
<area shape="rect" id="node142" href="oversim.applications.simplegameclient.GlobalCoordinatorModules.html" title="Compound Module GlobalCoordinatorModules" alt="" coords="9379,83,9552,111">
<area shape="rect" id="node144" href="oversim.tier2.dhttestapp.GlobalDhtTestMap.html" title="Simple Module GlobalDhtTestMap" alt="" coords="9576,83,9707,111">
<area shape="rect" id="node150" href="oversim.overlay.quon.GlobalQuonModules.html" title="Compound Module GlobalQuonModules" alt="" coords="9731,83,9869,111">
<area shape="rect" id="node154" href="oversim.overlay.vast.GlobalVastModules.html" title="Compound Module GlobalVastModules" alt="" coords="9893,83,10027,111">
<area shape="rect" id="node179" href="oversim.applications.almtest.MessageObserverModule.html" title="Compound Module MessageObserverModule" alt="" coords="10051,83,10221,111">
<area shape="rect" id="node111" href="oversim.underlay.reaseunderlay.topologies.topology_tiny_oversim.core2core.html" title="Channel core2core" alt="" coords="10245,83,10323,111">
<area shape="rect" id="node112" href="ned.DatarateChannel.html" title="Channel DatarateChannel" alt="" coords="11108,6,11228,34">
<area shape="rect" id="node121" href="oversim.underlay.reaseunderlay.topologies.topology_tiny_oversim.edge2gateway.html" title="Channel edge2gateway" alt="" coords="10347,83,10453,111">
<area shape="rect" id="node124" href="oversim.underlay.reaseunderlay.topologies.topology_tiny_oversim.edge2host.html" title="Channel edge2host" alt="" coords="10477,83,10560,111">
<area shape="rect" id="node128" href="oversim.underlay.reaseunderlay.topologies.topology_tiny_oversim.gateway2core.html" title="Channel gateway2core" alt="" coords="10584,83,10685,111">
<area shape="rect" id="node156" href="oversim.underlay.reaseunderlay.topologies.topology_tiny_oversim.host2edge.html" title="Channel host2edge" alt="" coords="10709,83,10792,111">
<area shape="rect" id="node181" href="oversim.common.inet_dialup_56k.html" title="Channel inet_dialup_56k" alt="" coords="10816,83,10928,111">
<area shape="rect" id="node183" href="oversim.common.inet_dsl.html" title="Channel inet_dsl" alt="" coords="10952,83,11024,111">
<area shape="rect" id="node185" href="oversim.common.inet_dsl_lossy.html" title="Channel inet_dsl_lossy" alt="" coords="11048,83,11152,111">
<area shape="rect" id="node187" href="oversim.common.inet_ethernetline.html" title="Channel inet_ethernetline" alt="" coords="11176,83,11293,111">
<area shape="rect" id="node189" href="oversim.common.inet_ethernetline_lossy.html" title="Channel inet_ethernetline_lossy" alt="" coords="11317,83,11472,111">
<area shape="rect" id="node191" href="oversim.common.inet_fiberline.html" title="Channel inet_fiberline" alt="" coords="11496,83,11589,111">
<area shape="rect" id="node274" href="oversim.common.simple_dsl.html" title="Channel simple_dsl" alt="" coords="11613,83,11696,111">
<area shape="rect" id="node276" href="oversim.common.simple_dsl_lossy.html" title="Channel simple_dsl_lossy" alt="" coords="11720,83,11843,111">
<area shape="rect" id="node278" href="oversim.common.simple_ethernetline.html" title="Channel simple_ethernetline" alt="" coords="11867,83,12000,111">
<area shape="rect" id="node280" href="oversim.common.simple_ethernetline_lossy.html" title="Channel simple_ethernetline_lossy" alt="" coords="12024,83,12195,111">
<area shape="rect" id="node297" href="oversim.underlay.reaseunderlay.topologies.topology_tiny_oversim.stub2stub.html" title="Channel stub2stub" alt="" coords="12219,83,12296,111">
<area shape="rect" id="node300" href="oversim.underlay.reaseunderlay.topologies.topology_tiny_oversim.stub2transit.html" title="Channel stub2transit" alt="" coords="12320,83,12411,111">
<area shape="rect" id="node304" href="oversim.underlay.reaseunderlay.topologies.topology_tiny_oversim.transit2transit.html" title="Channel transit2transit" alt="" coords="12435,83,12536,111">
<area shape="rect" id="node115" href="oversim.common.CryptoModule.html" title="Simple Module CryptoModule" alt="" coords="11427,6,11528,34">
<area shape="rect" id="node116" href="oversim.common.cbr.DHTDataStorage.html" title="Simple Module DHTDataStorage" alt="" coords="11980,6,12103,34">
<area shape="rect" id="node127" href="oversim.common.FinisherModule.html" title="Simple Module FinisherModule" alt="" coords="12341,6,12451,34">
<area shape="rect" id="node131" href="oversim.common.GenericPacketParser.html" title="Simple Module GenericPacketParser" alt="" coords="12560,83,12707,111">
<area shape="rect" id="node132" href="oversim.common.IPacketParser.html" title="Module Interface IPacketParser" alt="" coords="12581,6,12685,34">
<area shape="rect" id="node134" href="oversim.overlay.gia.GiaKeyListModule.html" title="Simple Module GiaKeyListModule" alt="" coords="12709,6,12837,34">
<area shape="rect" id="node137" href="oversim.overlay.gia.GiaNeighbors.html" title="Simple Module GiaNeighbors" alt="" coords="12861,6,12963,34">
<area shape="rect" id="node140" href="oversim.overlay.gia.GiaTokenFactory.html" title="Simple Module GiaTokenFactory" alt="" coords="12987,6,13109,34">
<area shape="rect" id="node141" href="oversim.applications.simplegameclient.GlobalCoordinator.html" title="Simple Module GlobalCoordinator" alt="" coords="13133,6,13259,34">
<area shape="rect" id="node146" href="oversim.common.GlobalFunctions.html" title="Compound Module GlobalFunctions" alt="" coords="13283,6,13397,34">
<area shape="rect" id="node147" href="oversim.common.GlobalNodeList.html" title="Simple Module GlobalNodeList" alt="" coords="13421,6,13531,34">
<area shape="rect" id="node148" href="oversim.common.GlobalObserver.html" title="Compound Module GlobalObserver" alt="" coords="13555,6,13667,34">
<area shape="rect" id="node149" href="oversim.common.GlobalParameters.html" title="Simple Module GlobalParameters" alt="" coords="13691,6,13816,34">
<area shape="rect" id="node152" href="oversim.common.GlobalStatistics.html" title="Simple Module GlobalStatistics" alt="" coords="13840,6,13955,34">
<area shape="rect" id="node153" href="oversim.common.GlobalTraceManager.html" title="Simple Module GlobalTraceManager" alt="" coords="13979,6,14120,34">
<area shape="rect" id="node175" href="oversim.applications.i3.i3Apps.I3Triggers.html" title="Simple Module I3Triggers" alt="" coords="14144,6,14224,34">
<area shape="rect" id="node178" href="oversim.applications.i3.i3Apps.I3TRTServer.html" title="Simple Module I3TRTServer" alt="" coords="14248,6,14344,34">
<area shape="rect" id="node193" href="oversim.underlay.inetunderlay.InetOverlayHost.html" title="Compound Module InetOverlayHost" alt="" coords="14368,6,14485,34">
<area shape="rect" id="node194" href="oversim.underlay.inetunderlay.ipv6.InetOverlayHost6.html" title="Compound Module InetOverlayHost6" alt="" coords="14509,6,14632,34">
<area shape="rect" id="node195" href="oversim.underlay.inetunderlay.InetUnderlayConfigurator.html" title="Simple Module InetUnderlayConfigurator" alt="" coords="14428,83,14593,111">
<area shape="rect" id="node196" href="oversim.common.UnderlayConfigurator.html" title="Simple Module UnderlayConfigurator" alt="" coords="14656,6,14800,34">
<area shape="rect" id="node267" href="oversim.underlay.reaseunderlay.ReaSEUnderlayConfigurator.html" title="Simple Module ReaSEUnderlayConfigurator" alt="" coords="14617,83,14804,111">
<area shape="rect" id="node290" href="oversim.underlay.simpleunderlay.SimpleUnderlayConfigurator.html" title="Simple Module SimpleUnderlayConfigurator" alt="" coords="14828,83,15012,111">
<area shape="rect" id="node294" href="oversim.underlay.singlehostunderlay.SingleHostUnderlayConfigurator.html" title="Simple Module SingleHostUnderlayConfigurator" alt="" coords="15036,83,15244,111">
<area shape="rect" id="node198" href="oversim.underlay.inetunderlay.InetUnderlayNetwork.html" title="Network InetUnderlayNetwork" alt="" coords="14889,6,15033,34">
<area shape="rect" id="node199" href="oversim.underlay.inetunderlay.InetUnderlayNetwork6.html" title="Network InetUnderlayNetwork6" alt="" coords="15091,6,15243,34">
<area shape="rect" id="node200" href="oversim.underlay.reaseunderlay.topologies.topology_tiny_oversim.Internet.html" title="Compound Module Internet" alt="" coords="15344,83,15416,111">
<area shape="rect" id="node203" href="oversim.underlay.reaseunderlay.topologies.topology_tiny_oversim.ReaSEUnderlayNetwork.html" title="Network ReaSEUnderlayNetwork" alt="" coords="15297,161,15463,189">
<area shape="rect" id="node201" href="oversim.underlay.reaseunderlay.ReaSEUnderlayNetworkBase.html" title="Compound Module ReaSEUnderlayNetworkBase" alt="" coords="15283,6,15477,34">
<area shape="rect" id="node250" href="oversim.applications.almtest.MessageObserver.html" title="Simple Module MessageObserver" alt="" coords="15501,6,15629,34">
<area shape="rect" id="node251" href="oversim.underlay.inetunderlay.OverlayAccessRouter.html" title="Compound Module OverlayAccessRouter" alt="" coords="15653,6,15803,34">
<area shape="rect" id="node252" href="oversim.underlay.inetunderlay.ipv6.OverlayAccessRouter6.html" title="Compound Module OverlayAccessRouter6" alt="" coords="15827,6,15984,34">
<area shape="rect" id="node253" href="oversim.underlay.inetunderlay.OverlayRouter.html" title="Compound Module OverlayRouter" alt="" coords="16008,6,16115,34">
<area shape="rect" id="node254" href="oversim.underlay.inetunderlay.ipv6.OverlayRouter6.html" title="Compound Module OverlayRouter6" alt="" coords="16139,6,16251,34">
<area shape="rect" id="node255" href="oversim.tier2.p2pns.P2pnsCache.html" title="Simple Module P2pnsCache" alt="" coords="16275,6,16371,34">
<area shape="rect" id="node256" href="oversim.overlay.pastry.PastryLeafSet.html" title="Simple Module PastryLeafSet" alt="" coords="16395,6,16499,34">
<area shape="rect" id="node257" href="oversim.overlay.pastry.PastryNeighborhoodSet.html" title="Simple Module PastryNeighborhoodSet" alt="" coords="16523,6,16683,34">
<area shape="rect" id="node258" href="oversim.overlay.pastry.PastryRoutingTable.html" title="Simple Module PastryRoutingTable" alt="" coords="16707,6,16843,34">
<area shape="rect" id="node259" href="oversim.underlay.singlehostunderlay.RealworldApp.html" title="Simple Module RealworldApp" alt="" coords="16867,6,16968,34">
<area shape="rect" id="node260" href="oversim.underlay.singlehostunderlay.RealworldDevice.html" title="Module Interface RealworldDevice" alt="" coords="16992,6,17112,34">
<area shape="rect" id="node261" href="oversim.underlay.singlehostunderlay.UdpOutDevice.html" title="Simple Module UdpOutDevice" alt="" coords="16999,83,17105,111">
<area shape="rect" id="node263" href="oversim.applications.realworldtestapp.RealWorldTestApp.html" title="Simple Module RealWorldTestApp" alt="" coords="17136,6,17267,34">
<area shape="rect" id="node264" href="oversim.applications.realworldtestapp.RealWorldTestAppModules.html" title="Compound Module RealWorldTestAppModules" alt="" coords="17291,6,17472,34">
<area shape="rect" id="node265" href="oversim.applications.realworldtestapp.RealWorldTestPacketParser.html" title="Simple Module RealWorldTestPacketParser" alt="" coords="17496,6,17683,34">
<area shape="rect" id="node266" href="oversim.underlay.reaseunderlay.ReaSEOverlayHost.html" title="Compound Module ReaSEOverlayHost" alt="" coords="17707,6,17843,34">
<area shape="rect" id="node269" href="oversim.underlay.inetunderlay.Router.html" title="Compound Module Router" alt="" coords="17867,6,17939,34">
<area shape="rect" id="node270" href="oversim.underlay.inetunderlay.ipv6.Router6.html" title="Compound Module Router6" alt="" coords="17963,6,18035,34">
<area shape="rect" id="node271" href="oversim.underlay.reaseunderlay.RUNetworkConfigurator.html" title="Simple Module RUNetworkConfigurator" alt="" coords="18059,6,18221,34">
<area shape="rect" id="node272" href="oversim.underlay.reaseunderlay.topologies.topology_tiny_oversim.SAS1.html" title="Compound Module SAS1" alt="" coords="18245,6,18317,34">
<area shape="rect" id="node273" href="oversim.underlay.reaseunderlay.topologies.topology_tiny_oversim.SAS2.html" title="Compound Module SAS2" alt="" coords="18341,6,18413,34">
<area shape="rect" id="node282" href="oversim.underlay.simpleunderlay.SimpleMultiOverlayHost.html" title="Compound Module SimpleMultiOverlayHost" alt="" coords="18437,6,18600,34">
<area shape="rect" id="node283" href="oversim.underlay.simpleunderlay.SimpleOverlayHost.html" title="Compound Module SimpleOverlayHost" alt="" coords="18624,6,18757,34">
<area shape="rect" id="node284" href="oversim.underlay.simpleunderlay.SimpleTCP.html" title="Simple Module SimpleTCP" alt="" coords="18773,83,18861,111">
<area shape="rect" id="node285" href="../../../inet/doc/neddoc/inet.transport.tcp.TCP.html" title="Simple Module TCP" alt="" coords="18781,6,18853,34">
<area shape="rect" id="node287" href="oversim.underlay.simpleunderlay.SimpleUDP.html" title="Simple Module SimpleUDP" alt="" coords="18885,83,18976,111">
<area shape="rect" id="node288" href="../../../inet/doc/neddoc/inet.transport.udp.UDP.html" title="Simple Module UDP" alt="" coords="18895,6,18967,34">
<area shape="rect" id="node292" href="oversim.underlay.simpleunderlay.SimpleUnderlayNetwork.html" title="Network SimpleUnderlayNetwork" alt="" coords="18991,6,19153,34">
<area shape="rect" id="node293" href="oversim.underlay.singlehostunderlay.SingleHost.html" title="Compound Module SingleHost" alt="" coords="19177,6,19263,34">
<area shape="rect" id="node296" href="oversim.underlay.singlehostunderlay.SingleHostUnderlayNetwork.html" title="Network SingleHostUnderlayNetwork" alt="" coords="19287,6,19473,34">
<area shape="rect" id="node303" href="oversim.underlay.reaseunderlay.topologies.topology_tiny_oversim.TAS0.html" title="Compound Module TAS0" alt="" coords="19497,6,19569,34">
<area shape="rect" id="node307" href="oversim.applications.i3.TriggerTable.html" title="Simple Module TriggerTable" alt="" coords="19593,6,19687,34">
<area shape="rect" id="node308" href="oversim.underlay.singlehostunderlay.TunOutDevice.html" title="Simple Module TunOutDevice" alt="" coords="19711,6,19817,34">
<area shape="rect" id="node309" href="oversim.underlay.inetunderlay.TunOutRouter.html" title="Compound Module TunOutRouter" alt="" coords="19841,6,19945,34">
<area shape="rect" id="node310" href="oversim.underlay.inetunderlay.ipv6.TunOutRouter6.html" title="Compound Module TunOutRouter6" alt="" coords="19969,6,20079,34">
<area shape="rect" id="node311" href="oversim.underlay.singlehostunderlay.ZeroconfConnector.html" title="Simple Module ZeroconfConnector" alt="" coords="20103,6,20236,34">
