<area shape="rect" id="node1" href="ALMAnycastMessage.html" title="Packet ALMAnycastMessage" alt="" coords="4,5,124,27">
<area shape="rect" id="node2" href="ALMCreateMessage.html" title="Packet ALMCreateMessage" alt="" coords="143,5,256,27">
<area shape="rect" id="node3" href="ALMDeleteMessage.html" title="Packet ALMDeleteMessage" alt="" coords="275,5,385,27">
<area shape="rect" id="node4" href="ALMLeaveMessage.html" title="Packet ALMLeaveMessage" alt="" coords="405,5,513,27">
<area shape="rect" id="node5" href="ALMMessage.html" title="Packet ALMMessage" alt="" coords="532,5,613,27">
<area shape="rect" id="node6" href="ALMMulticastMessage.html" title="Packet ALMMulticastMessage" alt="" coords="633,5,756,27">
<area shape="rect" id="node7" href="ALMSubscribeMessage.html" title="Packet ALMSubscribeMessage" alt="" coords="775,5,903,27">
<area shape="rect" id="node8" href="ALMTestTracedMessage.html" title="Packet ALMTestTracedMessage" alt="" coords="922,5,1056,27">
<area shape="rect" id="node9" href="AuthBlock.html" title="Class AuthBlock" alt="" coords="1094,67,1160,89">
<area shape="rect" id="node10" href="BaseRpcMessage.html" title="Packet BaseRpcMessage" alt="" coords="1076,5,1178,27">
<area shape="rect" id="node12" href="BaseAppDataMessage.html" title="Packet BaseAppDataMessage" alt="" coords="1197,5,1320,27">
<area shape="rect" id="node13" href="BaseCallMessage.html" title="Packet BaseCallMessage" alt="" coords="1340,5,1442,27">
<area shape="rect" id="node14" href="BaseOverlayMessage.html" title="Packet BaseOverlayMessage" alt="" coords="1461,5,1580,27">
<area shape="rect" id="node15" href="BaseOverlayMessageType.html" title="Enum BaseOverlayMessageType" alt="" coords="1599,5,1742,27">
<area shape="rect" id="node16" href="BaseResponseMessage.html" title="Packet BaseResponseMessage" alt="" coords="1761,5,1891,27">
<area shape="rect" id="node17" href="BaseRouteMessage.html" title="Packet BaseRouteMessage" alt="" coords="1910,5,2021,27">
<area shape="rect" id="node18" href="BootstrapLookupMessage.html" title="Packet BootstrapLookupMessage" alt="" coords="2040,5,2179,27">
<area shape="rect" id="node19" href="BrooseFindNodeExtMessage.html" title="Packet BrooseFindNodeExtMessage" alt="" coords="2198,5,2351,27">
<area shape="rect" id="node20" href="BucketCall.html" title="Packet BucketCall" alt="" coords="2370,5,2439,27">
<area shape="rect" id="node21" href="BucketResponse.html" title="Packet BucketResponse" alt="" coords="2458,5,2556,27">
<area shape="rect" id="node22" href="BucketType.html" title="Enum BucketType" alt="" coords="2575,5,2647,27">
<area shape="rect" id="node23" href="CBRDHTGetCall.html" title="Packet CBRDHTGetCall" alt="" coords="2666,5,2764,27">
<area shape="rect" id="node24" href="CBRDHTGetResponse.html" title="Packet CBRDHTGetResponse" alt="" coords="2784,5,2909,27">
<area shape="rect" id="node25" href="ChordCommand.html" title="Enum ChordCommand" alt="" coords="2928,5,3022,27">
<area shape="rect" id="node26" href="ChordMessage.html" title="Packet ChordMessage" alt="" coords="3041,5,3129,27">
<area shape="rect" id="node27" href="ChurnMessage.html" title="Packet ChurnMessage" alt="" coords="3148,5,3235,27">
<area shape="rect" id="node28" href="CommonAPIMessage.html" title="Packet CommonAPIMessage" alt="" coords="3254,5,3373,27">
<area shape="rect" id="node29" href="CommonAPIMessageType.html" title="Enum CommonAPIMessageType" alt="" coords="3393,5,3535,27">
<area shape="rect" id="node30" href="CompReadyMessage.html" title="Packet CompReadyMessage" alt="" coords="3554,5,3672,27">
<area shape="rect" id="node31" href="CompType.html" title="Enum CompType" alt="" coords="3691,5,3759,27">
<area shape="rect" id="node32" href="CoordsOfNodeCall.html" title="Packet CoordsOfNodeCall" alt="" coords="3778,5,3882,27">
<area shape="rect" id="node33" href="CoordsOfNodeResponse.html" title="Packet CoordsOfNodeResponse" alt="" coords="3902,5,4036,27">
<area shape="rect" id="node34" href="CoordsReqCall.html" title="Packet CoordsReqCall" alt="" coords="4055,5,4142,27">
<area shape="rect" id="node35" href="CoordsReqResponse.html" title="Packet CoordsReqResponse" alt="" coords="4161,5,4279,27">
<area shape="rect" id="node36" href="DeBruijnCall.html" title="Packet DeBruijnCall" alt="" coords="4298,5,4372,27">
<area shape="rect" id="node37" href="DeBruijnResponse.html" title="Packet DeBruijnResponse" alt="" coords="4391,5,4496,27">
<area shape="rect" id="node38" href="DHTdumpCall.html" title="Packet DHTdumpCall" alt="" coords="4515,5,4598,27">
<area shape="rect" id="node39" href="DhtDumpEntry.html" title="Class DhtDumpEntry" alt="" coords="4768,67,4856,89">
<area shape="rect" id="node40" href="DHTdumpResponse.html" title="Packet DHTdumpResponse" alt="" coords="4617,5,4730,27">
<area shape="rect" id="node42" href="DHTgetCAPIResponse.html" title="Packet DHTgetCAPIResponse" alt="" coords="4749,5,4875,27">
<area shape="rect" id="node44" href="DHTGetResponse.html" title="Packet DHTGetResponse" alt="" coords="4894,5,4998,27">
<area shape="rect" id="node46" href="DHTGetCall.html" title="Packet DHTGetCall" alt="" coords="5018,5,5092,27">
<area shape="rect" id="node47" href="DHTgetCAPICall.html" title="Packet DHTgetCAPICall" alt="" coords="5111,5,5209,27">
<area shape="rect" id="node48" href="DHTPutCall.html" title="Packet DHTPutCall" alt="" coords="5228,5,5303,27">
<area shape="rect" id="node49" href="DHTputCAPICall.html" title="Packet DHTputCAPICall" alt="" coords="5322,5,5420,27">
<area shape="rect" id="node50" href="DHTputCAPIResponse.html" title="Packet DHTputCAPIResponse" alt="" coords="5439,5,5565,27">
<area shape="rect" id="node51" href="DHTPutResponse.html" title="Packet DHTPutResponse" alt="" coords="5584,5,5686,27">
<area shape="rect" id="node52" href="DhtTestEntryTimer.html" title="Message DhtTestEntryTimer" alt="" coords="5705,5,5812,27">
<area shape="rect" id="node53" href="DHTTtlTimer.html" title="Message DHTTtlTimer" alt="" coords="5831,5,5910,27">
<area shape="rect" id="node54" href="FailedNodeCall.html" title="Packet FailedNodeCall" alt="" coords="5929,5,6016,27">
<area shape="rect" id="node55" href="FailedNodeResponse.html" title="Packet FailedNodeResponse" alt="" coords="6036,5,6153,27">
<area shape="rect" id="node56" href="FindNodeCall.html" title="Packet FindNodeCall" alt="" coords="6172,5,6253,27">
<area shape="rect" id="node57" href="FindNodeResponse.html" title="Packet FindNodeResponse" alt="" coords="6272,5,6381,27">
<area shape="rect" id="node58" href="FixfingersCall.html" title="Packet FixfingersCall" alt="" coords="6400,5,6481,27">
<area shape="rect" id="node59" href="FixfingersResponse.html" title="Packet FixfingersResponse" alt="" coords="6500,5,6611,27">
<area shape="rect" id="node60" href="GameAPIChatMessage.html" title="Packet GameAPIChatMessage" alt="" coords="6630,5,6758,27">
<area shape="rect" id="node61" href="GameAPIFrozenMessage.html" title="Packet GameAPIFrozenMessage" alt="" coords="6777,5,6913,27">
<area shape="rect" id="node62" href="GameAPIListMessage.html" title="Packet GameAPIListMessage" alt="" coords="6932,5,7054,27">
<area shape="rect" id="node63" href="GameAPIMessage.html" title="Packet GameAPIMessage" alt="" coords="7073,5,7177,27">
<area shape="rect" id="node64" href="GameAPIMessageCommand.html" title="Enum GameAPIMessageCommand" alt="" coords="7196,5,7350,27">
<area shape="rect" id="node65" href="GameAPIPositionMessage.html" title="Packet GameAPIPositionMessage" alt="" coords="7369,5,7511,27">
<area shape="rect" id="node66" href="GameAPIResizeAOIMessage.html" title="Packet GameAPIResizeAOIMessage" alt="" coords="7531,5,7686,27">
<area shape="rect" id="node67" href="GameAPISnowMessage.html" title="Packet GameAPISnowMessage" alt="" coords="7705,5,7837,27">
<area shape="rect" id="node68" href="GIAanswer.html" title="Packet GIAanswer" alt="" coords="7856,5,7925,27">
<area shape="rect" id="node69" href="GIAAppCommand.html" title="Enum GIAAppCommand" alt="" coords="7944,5,8046,27">
<area shape="rect" id="node70" href="GIACommand.html" title="Enum GIACommand" alt="" coords="8065,5,8148,27">
<area shape="rect" id="node71" href="GiaIDMessage.html" title="Message GiaIDMessage" alt="" coords="8167,5,8255,27">
<area shape="rect" id="node72" href="GiaMessage.html" title="Message GiaMessage" alt="" coords="8274,5,8348,27">
<area shape="rect" id="node73" href="GiaNeighborMessage.html" title="Message GiaNeighborMessage" alt="" coords="8368,5,8485,27">
<area shape="rect" id="node74" href="GIAput.html" title="Packet GIAput" alt="" coords="8504,5,8561,27">
<area shape="rect" id="node75" href="GIAremove.html" title="Packet GIAremove" alt="" coords="8581,5,8651,27">
<area shape="rect" id="node76" href="GiaRouteMessage.html" title="Message GiaRouteMessage" alt="" coords="8670,5,8774,27">
<area shape="rect" id="node77" href="GIAsearch.html" title="Packet GIAsearch" alt="" coords="8794,5,8860,27">
<area shape="rect" id="node78" href="GIASearchAppMessage.html" title="Packet GIASearchAppMessage" alt="" coords="8879,5,9009,27">
<area shape="rect" id="node79" href="GlobalTraceManagerMessage.html" title="Packet GlobalTraceManagerMessage" alt="" coords="9028,5,9183,27">
<area shape="rect" id="node80" href="I3InsertTriggerMessage.html" title="Packet I3InsertTriggerMessage" alt="" coords="9202,5,9328,27">
<area shape="rect" id="node81" href="I3Message.html" title="Packet I3Message" alt="" coords="9347,5,9415,27">
<area shape="rect" id="node82" href="I3MessageType.html" title="Enum I3MessageType" alt="" coords="9435,5,9526,27">
<area shape="rect" id="node83" href="I3QueryReplyMessage.html" title="Packet I3QueryReplyMessage" alt="" coords="9545,5,9669,27">
<area shape="rect" id="node84" href="I3RemoveTriggerMessage.html" title="Packet I3RemoveTriggerMessage" alt="" coords="9688,5,9826,27">
<area shape="rect" id="node85" href="I3SendPacketMessage.html" title="Packet I3SendPacketMessage" alt="" coords="9846,5,9971,27">
<area shape="rect" id="node86" href="JoinCall.html" title="Packet JoinCall" alt="" coords="9990,5,10048,27">
<area shape="rect" id="node87" href="JoinResponse.html" title="Packet JoinResponse" alt="" coords="10067,5,10150,27">
<area shape="rect" id="node88" href="KademliaRoutingInfoMessage.html" title="Packet KademliaRoutingInfoMessage" alt="" coords="10169,5,10325,27">
<area shape="rect" id="node89" href="KBRdeliver.html" title="Packet KBRdeliver" alt="" coords="10344,5,10414,27">
<area shape="rect" id="node90" href="KBRforward.html" title="Packet KBRforward" alt="" coords="10433,5,10508,27">
<area shape="rect" id="node91" href="KBRroute.html" title="Packet KBRroute" alt="" coords="10527,5,10589,27">
<area shape="rect" id="node92" href="KbrRpcContext.html" title="Class KbrRpcContext" alt="" coords="10608,5,10698,27">
<area shape="rect" id="node93" href="KbrTestCall.html" title="Packet KbrTestCall" alt="" coords="10717,5,10789,27">
<area shape="rect" id="node94" href="KBRTestMessage.html" title="Packet KBRTestMessage" alt="" coords="10808,5,10910,27">
<area shape="rect" id="node95" href="KbrTestResponse.html" title="Packet KbrTestResponse" alt="" coords="10930,5,11030,27">
<area shape="rect" id="node96" href="KBRupdate.html" title="Packet KBRupdate" alt="" coords="11049,5,11119,27">
<area shape="rect" id="node97" href="KeyListMessage.html" title="Message KeyListMessage" alt="" coords="11138,5,11232,27">
<area shape="rect" id="node98" href="KoordeFindNodeExtMessage.html" title="Packet KoordeFindNodeExtMessage" alt="" coords="11251,5,11405,27">
<area shape="rect" id="node99" href="LookupCall.html" title="Packet LookupCall" alt="" coords="11424,5,11492,27">
<area shape="rect" id="node100" href="LookupResponse.html" title="Packet LookupResponse" alt="" coords="11511,5,11609,27">
<area shape="rect" id="node101" href="MessageType.html" title="Enum MessageType" alt="" coords="11628,5,11711,27">
<area shape="rect" id="node102" href="MyMessage.html" title="Packet MyMessage" alt="" coords="11730,5,11805,27">
<area shape="rect" id="node103" href="MyNeighborCall.html" title="Packet MyNeighborCall" alt="" coords="11824,5,11916,27">
<area shape="rect" id="node104" href="MyNeighborResponse.html" title="Packet MyNeighborResponse" alt="" coords="11935,5,12054,27">
<area shape="rect" id="node105" href="NewSuccessorHintMessage.html" title="Packet NewSuccessorHintMessage" alt="" coords="12073,5,12222,27">
<area shape="rect" id="node106" href="NextHopCall.html" title="Packet NextHopCall" alt="" coords="12242,5,12318,27">
<area shape="rect" id="node107" href="NextHopResponse.html" title="Packet NextHopResponse" alt="" coords="12337,5,12444,27">
<area shape="rect" id="node108" href="NiceClusterMerge.html" title="Message NiceClusterMerge" alt="" coords="12463,5,12563,27">
<area shape="rect" id="node109" href="NICECommand.html" title="Enum NICECommand" alt="" coords="12582,5,12674,27">
<area shape="rect" id="node110" href="NiceHeartbeat.html" title="Message NiceHeartbeat" alt="" coords="12693,5,12778,27">
<area shape="rect" id="node111" href="NiceLeaderHeartbeat.html" title="Message NiceLeaderHeartbeat" alt="" coords="12797,5,12912,27">
<area shape="rect" id="node112" href="NiceMemberMessage.html" title="Message NiceMemberMessage" alt="" coords="12932,5,13051,27">
<area shape="rect" id="node113" href="NiceMessage.html" title="Message NiceMessage" alt="" coords="13070,5,13151,27">
<area shape="rect" id="node114" href="NiceMulticastMessage.html" title="Message NiceMulticastMessage" alt="" coords="13170,5,13294,27">
<area shape="rect" id="node115" href="NotifyCall.html" title="Packet NotifyCall" alt="" coords="13313,5,13377,27">
<area shape="rect" id="node116" href="NotifyResponse.html" title="Packet NotifyResponse" alt="" coords="13396,5,13487,27">
<area shape="rect" id="node117" href="NTreeCollapseMessage.html" title="Packet NTreeCollapseMessage" alt="" coords="13507,5,13637,27">
<area shape="rect" id="node118" href="NTreeDivideCall.html" title="Packet NTreeDivideCall" alt="" coords="13656,5,13749,27">
<area shape="rect" id="node119" href="NTreeDivideResponse.html" title="Packet NTreeDivideResponse" alt="" coords="13769,5,13892,27">
<area shape="rect" id="node120" href="NTreeGroupAddMessage.html" title="Packet NTreeGroupAddMessage" alt="" coords="13911,5,14045,27">
<area shape="rect" id="node121" href="NTreeGroupDeleteMessage.html" title="Packet NTreeGroupDeleteMessage" alt="" coords="14065,5,14212,27">
<area shape="rect" id="node122" href="NTreeJoinCall.html" title="Packet NTreeJoinCall" alt="" coords="14231,5,14314,27">
<area shape="rect" id="node123" href="NTreeJoinResponse.html" title="Packet NTreeJoinResponse" alt="" coords="14333,5,14446,27">
<area shape="rect" id="node124" href="NTreeLeaveMessage.html" title="Packet NTreeLeaveMessage" alt="" coords="14465,5,14582,27">
<area shape="rect" id="node125" href="NTreeMoveMessage.html" title="Packet NTreeMoveMessage" alt="" coords="14601,5,14714,27">
<area shape="rect" id="node126" href="NTreeNodePingCall.html" title="Packet NTreeNodePingCall" alt="" coords="14733,5,14844,27">
<area shape="rect" id="node127" href="NTreeNodePingResponse.html" title="Packet NTreeNodePingResponse" alt="" coords="14863,5,15002,27">
<area shape="rect" id="node128" href="NTreePingCall.html" title="Packet NTreePingCall" alt="" coords="15021,5,15106,27">
<area shape="rect" id="node129" href="NTreePingResponse.html" title="Packet NTreePingResponse" alt="" coords="15125,5,15238,27">
<area shape="rect" id="node130" href="NTreeReplaceNodeMessage.html" title="Packet NTreeReplaceNodeMessage" alt="" coords="15257,5,15408,27">
<area shape="rect" id="node131" href="NTreeTakeOverMessage.html" title="Packet NTreeTakeOverMessage" alt="" coords="15428,5,15562,27">
<area shape="rect" id="node132" href="OverlayCtrlInfo.html" title="Class OverlayCtrlInfo" alt="" coords="15581,5,15668,27">
<area shape="rect" id="node133" href="OverSimMessage.html" title="Packet OverSimMessage" alt="" coords="15687,5,15788,27">
<area shape="rect" id="node134" href="P2pnsKeepaliveTimer.html" title="Message P2pnsKeepaliveTimer" alt="" coords="15807,5,15926,27">
<area shape="rect" id="node135" href="P2pnsRegisterCall.html" title="Packet P2pnsRegisterCall" alt="" coords="15945,5,16049,27">
<area shape="rect" id="node136" href="P2pnsRegisterResponse.html" title="Packet P2pnsRegisterResponse" alt="" coords="16069,5,16201,27">
<area shape="rect" id="node137" href="P2pnsResolveCall.html" title="Packet P2pnsResolveCall" alt="" coords="16220,5,16324,27">
<area shape="rect" id="node138" href="P2pnsResolveResponse.html" title="Packet P2pnsResolveResponse" alt="" coords="16343,5,16475,27">
<area shape="rect" id="node139" href="P2pnsTunnelMessage.html" title="Packet P2pnsTunnelMessage" alt="" coords="16495,5,16614,27">
<area shape="rect" id="node140" href="ParetoChurnMessage.html" title="Packet ParetoChurnMessage" alt="" coords="16633,5,16750,27">
<area shape="rect" id="node141" href="PastryFindNodeExtData.html" title="Packet PastryFindNodeExtData" alt="" coords="16769,5,16899,27">
<area shape="rect" id="node142" href="PastryJoinMessage.html" title="Packet PastryJoinMessage" alt="" coords="16918,5,17027,27">
<area shape="rect" id="node143" href="PastryLeafsetMessage.html" title="Packet PastryLeafsetMessage" alt="" coords="17046,5,17170,27">
<area shape="rect" id="node144" href="PastryMessage.html" title="Packet PastryMessage" alt="" coords="17189,5,17278,27">
<area shape="rect" id="node145" href="PastryMsgType.html" title="Enum PastryMsgType" alt="" coords="17297,5,17389,27">
<area shape="rect" id="node146" href="PastryNewLeafsMessage.html" title="Packet PastryNewLeafsMessage" alt="" coords="17408,5,17545,27">
<area shape="rect" id="node147" href="PastryRequestMessage.html" title="Packet PastryRequestMessage" alt="" coords="17564,5,17694,27">
<area shape="rect" id="node148" href="PastryRoutingRowMessage.html" title="Packet PastryRoutingRowMessage" alt="" coords="17713,5,17860,27">
<area shape="rect" id="node149" href="PastryRoutingRowRequestMessage.html" title="Packet PastryRoutingRowRequestMessage" alt="" coords="17879,5,18066,27">
<area shape="rect" id="node150" href="PastrySendState.html" title="Packet PastrySendState" alt="" coords="18085,5,18181,27">
<area shape="rect" id="node151" href="PastryStateMessage.html" title="Packet PastryStateMessage" alt="" coords="18200,5,18315,27">
<area shape="rect" id="node152" href="PastryStateMsgType.html" title="Enum PastryStateMsgType" alt="" coords="18335,5,18450,27">
<area shape="rect" id="node153" href="PingCall.html" title="Packet PingCall" alt="" coords="18469,5,18526,27">
<area shape="rect" id="node154" href="PingResponse.html" title="Packet PingResponse" alt="" coords="18545,5,18631,27">
<area shape="rect" id="node155" href="ProState.html" title="Enum ProState" alt="" coords="18650,5,18707,27">
<area shape="rect" id="node156" href="PubSubAdoptChildCall.html" title="Packet PubSubAdoptChildCall" alt="" coords="18726,5,18850,27">
<area shape="rect" id="node157" href="PubSubAdoptChildResponse.html" title="Packet PubSubAdoptChildResponse" alt="" coords="18869,5,19020,27">
<area shape="rect" id="node158" href="PubSubBackupCall.html" title="Packet PubSubBackupCall" alt="" coords="19040,5,19146,27">
<area shape="rect" id="node159" href="PubSubBackupIntermediateMessage.html" title="Packet PubSubBackupIntermediateMessage" alt="" coords="19165,5,19355,27">
<area shape="rect" id="node160" href="PubSubBackupResponse.html" title="Packet PubSubBackupResponse" alt="" coords="19374,5,19510,27">
<area shape="rect" id="node161" href="PubSubBackupSubscriptionMessage.html" title="Packet PubSubBackupSubscriptionMessage" alt="" coords="19529,5,19719,27">
<area shape="rect" id="node162" href="PubSubBackupUnsubscribeMessage.html" title="Packet PubSubBackupUnsubscribeMessage" alt="" coords="19738,5,19928,27">
<area shape="rect" id="node163" href="PubSubFailedNodeMessage.html" title="Packet PubSubFailedNodeMessage" alt="" coords="19947,5,20096,27">
<area shape="rect" id="node164" href="PubSubHelpCall.html" title="Packet PubSubHelpCall" alt="" coords="20115,5,20209,27">
<area shape="rect" id="node165" href="PubSubHelpReleaseMessage.html" title="Packet PubSubHelpReleaseMessage" alt="" coords="20228,5,20383,27">
<area shape="rect" id="node166" href="PubSubHelpResponse.html" title="Packet PubSubHelpResponse" alt="" coords="20403,5,20526,27">
<area shape="rect" id="node167" href="PubSubHelpType.html" title="Enum PubSubHelpType" alt="" coords="20545,5,20643,27">
<area shape="rect" id="node168" href="PubSubIntermediateCall.html" title="Packet PubSubIntermediateCall" alt="" coords="20662,5,20792,27">
<area shape="rect" id="node169" href="PubSubIntermediateResponse.html" title="Packet PubSubIntermediateResponse" alt="" coords="20811,5,20969,27">
<area shape="rect" id="node170" href="PubSubJoinCall.html" title="Packet PubSubJoinCall" alt="" coords="20988,5,21080,27">
<area shape="rect" id="node171" href="PubSubJoinResponse.html" title="Packet PubSubJoinResponse" alt="" coords="21099,5,21218,27">
<area shape="rect" id="node172" href="PubSubMoveListMessage.html" title="Packet PubSubMoveListMessage" alt="" coords="21237,5,21376,27">
<area shape="rect" id="node173" href="PubSubMoveMessage.html" title="Packet PubSubMoveMessage" alt="" coords="21395,5,21516,27">
<area shape="rect" id="node174" href="PubSubNodeLeftMessage.html" title="Packet PubSubNodeLeftMessage" alt="" coords="21536,5,21674,27">
<area shape="rect" id="node175" href="PubSubPingCall.html" title="Packet PubSubPingCall" alt="" coords="21693,5,21787,27">
<area shape="rect" id="node176" href="PubSubPingResponse.html" title="Packet PubSubPingResponse" alt="" coords="21806,5,21927,27">
<area shape="rect" id="node177" href="PubSubPingType.html" title="Enum PubSubPingType" alt="" coords="21947,5,22045,27">
<area shape="rect" id="node178" href="PubSubReleaseIntermediateMessage.html" title="Packet PubSubReleaseIntermediateMessage" alt="" coords="22064,5,22255,27">
<area shape="rect" id="node179" href="PubSubReplacementMessage.html" title="Packet PubSubReplacementMessage" alt="" coords="22275,5,22432,27">
<area shape="rect" id="node180" href="PubSubResponsibleNodeCall.html" title="Packet PubSubResponsibleNodeCall" alt="" coords="22451,5,22607,27">
<area shape="rect" id="node181" href="PubSubResponsibleNodeResponse.html" title="Packet PubSubResponsibleNodeResponse" alt="" coords="22626,5,22809,27">
<area shape="rect" id="node182" href="PubSubSubscriptionCall.html" title="Packet PubSubSubscriptionCall" alt="" coords="22828,5,22958,27">
<area shape="rect" id="node183" href="PubSubSubscriptionResponse.html" title="Packet PubSubSubscriptionResponse" alt="" coords="22977,5,23135,27">
<area shape="rect" id="node184" href="PubSubTakeOverSubspaceCall.html" title="Packet PubSubTakeOverSubspaceCall" alt="" coords="23154,5,23318,27">
<area shape="rect" id="node185" href="PubSubTakeOverSubspaceResponse.html" title="Packet PubSubTakeOverSubspaceResponse" alt="" coords="23337,5,23531,27">
<area shape="rect" id="node186" href="PubSubTimer.html" title="Message PubSubTimer" alt="" coords="23550,5,23631,27">
<area shape="rect" id="node187" href="PubSubTimerType.html" title="Enum PubSubTimerType" alt="" coords="23650,5,23755,27">
<area shape="rect" id="node188" href="PubSubUnsubscriptionMessage.html" title="Packet PubSubUnsubscriptionMessage" alt="" coords="23774,5,23940,27">
<area shape="rect" id="node189" href="QUONCommand.html" title="Enum QUONCommand" alt="" coords="23959,5,24057,27">
<area shape="rect" id="node190" href="QuonEventMessage.html" title="Packet QuonEventMessage" alt="" coords="24076,5,24187,27">
<area shape="rect" id="node191" href="QuonListMessage.html" title="Packet QuonListMessage" alt="" coords="24206,5,24306,27">
<area shape="rect" id="node192" href="QuonMessage.html" title="Packet QuonMessage" alt="" coords="24325,5,24411,27">
<area shape="rect" id="node193" href="QuonMoveMessage.html" title="Packet QuonMoveMessage" alt="" coords="24430,5,24541,27">
<area shape="rect" id="node194" href="QuonSelfMessage.html" title="Message QuonSelfMessage" alt="" coords="24560,5,24662,27">
<area shape="rect" id="node195" href="RealWorldTestMessage.html" title="Packet RealWorldTestMessage" alt="" coords="24681,5,24811,27">
<area shape="rect" id="node196" href="RoutingType.html" title="Enum RoutingType" alt="" coords="24830,5,24907,27">
<area shape="rect" id="node197" href="RpcTimeoutMessage.html" title="Packet RpcTimeoutMessage" alt="" coords="24926,5,25043,27">
<area shape="rect" id="node198" href="RttToNodeCall.html" title="Packet RttToNodeCall" alt="" coords="25062,5,25150,27">
<area shape="rect" id="node199" href="RttToNodeResponse.html" title="Packet RttToNodeResponse" alt="" coords="25169,5,25284,27">
<area shape="rect" id="node200" href="ScribeDataMessage.html" title="Packet ScribeDataMessage" alt="" coords="25303,5,25414,27">
<area shape="rect" id="node201" href="ScribeJoinCall.html" title="Packet ScribeJoinCall" alt="" coords="25433,5,25518,27">
<area shape="rect" id="node202" href="ScribeJoinResponse.html" title="Packet ScribeJoinResponse" alt="" coords="25537,5,25650,27">
<area shape="rect" id="node203" href="ScribeLeaveMessage.html" title="Packet ScribeLeaveMessage" alt="" coords="25669,5,25786,27">
<area shape="rect" id="node204" href="ScribePublishCall.html" title="Packet ScribePublishCall" alt="" coords="25806,5,25906,27">
<area shape="rect" id="node205" href="ScribePublishResponse.html" title="Packet ScribePublishResponse" alt="" coords="25925,5,26053,27">
<area shape="rect" id="node206" href="ScribeSubscriptionRefreshMessage.html" title="Packet ScribeSubscriptionRefreshMessage" alt="" coords="26072,5,26255,27">
<area shape="rect" id="node207" href="ScribeTimer.html" title="Message ScribeTimer" alt="" coords="26274,5,26347,27">
<area shape="rect" id="node208" href="ScribeTimerType.html" title="Enum ScribeTimerType" alt="" coords="26366,5,26462,27">
<area shape="rect" id="node209" href="SCSnowTimer.html" title="Message SCSnowTimer" alt="" coords="26481,5,26566,27">
<area shape="rect" id="node210" href="SearchMessage.html" title="Message SearchMessage" alt="" coords="26585,5,26677,27">
<area shape="rect" id="node211" href="SearchResponseMessage.html" title="Message SearchResponseMessage" alt="" coords="26696,5,26834,27">
<area shape="rect" id="node212" href="SessionMsg.html" title="Packet SessionMsg" alt="" coords="26853,5,26928,27">
<area shape="rect" id="node213" href="SessionMsgType.html" title="Enum SessionMsgType" alt="" coords="26947,5,27045,27">
<area shape="rect" id="node214" href="SimMudMoveMessage.html" title="Packet SimMudMoveMessage" alt="" coords="27064,5,27188,27">
<area shape="rect" id="node215" href="StabilizeCall.html" title="Packet StabilizeCall" alt="" coords="27207,5,27282,27">
<area shape="rect" id="node216" href="StabilizeResponse.html" title="Packet StabilizeResponse" alt="" coords="27301,5,27405,27">
<area shape="rect" id="node217" href="StatType.html" title="Enum StatType" alt="" coords="27424,5,27484,27">
<area shape="rect" id="node218" href="TCPExampleMessage.html" title="Packet TCPExampleMessage" alt="" coords="27503,5,27624,27">
<area shape="rect" id="node219" href="TokenMessage.html" title="Message TokenMessage" alt="" coords="27644,5,27731,27">
<area shape="rect" id="node220" href="TransportType.html" title="Enum TransportType" alt="" coords="27750,5,27835,27">
<area shape="rect" id="node221" href="TriggersHandshakeMsg.html" title="Packet TriggersHandshakeMsg" alt="" coords="27854,5,27982,27">
<area shape="rect" id="node222" href="TriggersMsg.html" title="Packet TriggersMsg" alt="" coords="28001,5,28076,27">
<area shape="rect" id="node223" href="VASTCommand.html" title="Enum VASTCommand" alt="" coords="28095,5,28189,27">
<area shape="rect" id="node224" href="VastDiscardMessage.html" title="Packet VastDiscardMessage" alt="" coords="28208,5,28325,27">
<area shape="rect" id="node225" href="VastEventMessage.html" title="Packet VastEventMessage" alt="" coords="28344,5,28453,27">
<area shape="rect" id="node226" href="VastListMessage.html" title="Packet VastListMessage" alt="" coords="28472,5,28570,27">
<area shape="rect" id="node227" href="VastMessage.html" title="Packet VastMessage" alt="" coords="28589,5,28670,27">
<area shape="rect" id="node228" href="VastMoveMessage.html" title="Packet VastMoveMessage" alt="" coords="28689,5,28796,27">
