<area shape="rect" id="node1" href="oversim.common.IOverlay.html" title="Module Interface IOverlay" alt="" coords="984,6,1056,34">
<area shape="rect" id="node2" href="oversim.overlay.bamboo.BambooModules.html" title="Compound Module BambooModules" alt="" coords="5,83,123,111">
<area shape="rect" id="node4" href="oversim.overlay.broose.BrooseModules.html" title="Compound Module BrooseModules" alt="" coords="147,83,259,111">
<area shape="rect" id="node6" href="oversim.overlay.chord.ChordModules.html" title="Compound Module ChordModules" alt="" coords="283,83,389,111">
<area shape="rect" id="node8" href="oversim.overlay.gia.GiaModules.html" title="Compound Module GiaModules" alt="" coords="413,83,504,111">
<area shape="rect" id="node10" href="oversim.overlay.kademlia.KademliaModules.html" title="Compound Module KademliaModules" alt="" coords="528,83,653,111">
<area shape="rect" id="node12" href="oversim.overlay.koorde.KoordeModules.html" title="Compound Module KoordeModules" alt="" coords="677,83,789,111">
<area shape="rect" id="node14" href="oversim.overlay.myoverlay.MyOverlayModules.html" title="Compound Module MyOverlayModules" alt="" coords="813,83,947,111">
<area shape="rect" id="node16" href="oversim.overlay.nice.NiceModules.html" title="Compound Module NiceModules" alt="" coords="971,83,1069,111">
<area shape="rect" id="node18" href="oversim.overlay.ntree.NTreeModules.html" title="Compound Module NTreeModules" alt="" coords="1093,83,1200,111">
<area shape="rect" id="node20" href="oversim.applications.i3.OverlayDummyModules.html" title="Compound Module OverlayDummyModules" alt="" coords="1224,83,1387,111">
<area shape="rect" id="node22" href="oversim.overlay.pubsubmmog.OverlayPubSubLobby.html" title="Compound Module OverlayPubSubLobby" alt="" coords="1411,83,1557,111">
<area shape="rect" id="node24" href="oversim.overlay.pubsubmmog.OverlayPubSubMMOG.html" title="Compound Module OverlayPubSubMMOG" alt="" coords="1581,83,1736,111">
<area shape="rect" id="node26" href="oversim.overlay.quon.OverlayQuon.html" title="Compound Module OverlayQuon" alt="" coords="1760,83,1859,111">
<area shape="rect" id="node28" href="oversim.overlay.vast.OverlayVast.html" title="Compound Module OverlayVast" alt="" coords="1883,83,1976,111">
<area shape="rect" id="node30" href="oversim.overlay.pastry.PastryModules.html" title="Compound Module PastryModules" alt="" coords="2000,83,2109,111">
