<area shape="rect" id="node1" href="oversim.underlay.reaseunderlay.topologies.topology_tiny_oversim.Internet.html" title="Compound Module Internet" alt="" coords="219,6,291,34">
<area shape="rect" id="node2" href="oversim.underlay.reaseunderlay.topologies.topology_tiny_oversim.stub2transit.html" title="Channel stub2transit" alt="" coords="5,83,96,111">
<area shape="rect" id="node4" href="oversim.underlay.reaseunderlay.topologies.topology_tiny_oversim.TAS0.html" title="Compound Module TAS0" alt="" coords="120,83,192,111">
<area shape="rect" id="node6" href="oversim.underlay.reaseunderlay.topologies.topology_tiny_oversim.stub2stub.html" title="Channel stub2stub" alt="" coords="216,83,293,111">
<area shape="rect" id="node8" href="oversim.underlay.reaseunderlay.topologies.topology_tiny_oversim.SAS2.html" title="Compound Module SAS2" alt="" coords="317,83,389,111">
<area shape="rect" id="node10" href="oversim.underlay.reaseunderlay.topologies.topology_tiny_oversim.SAS1.html" title="Compound Module SAS1" alt="" coords="413,83,485,111">
