<area shape="rect" id="node1" href="oversim.common.GlobalObserver.html" title="Compound Module GlobalObserver" alt="" coords="391,83,503,111">
<area shape="rect" id="node2" href="oversim.common.GlobalNodeList.html" title="Simple Module GlobalNodeList" alt="" coords="117,161,227,189">
<area shape="rect" id="node4" href="oversim.common.GlobalFunctions.html" title="Compound Module GlobalFunctions" alt="" coords="251,161,365,189">
<area shape="rect" id="node6" href="oversim.common.GlobalStatistics.html" title="Simple Module GlobalStatistics" alt="" coords="389,161,504,189">
<area shape="rect" id="node8" href="oversim.common.GlobalParameters.html" title="Simple Module GlobalParameters" alt="" coords="528,161,653,189">
<area shape="rect" id="node10" href="oversim.common.GlobalTraceManager.html" title="Simple Module GlobalTraceManager" alt="" coords="677,161,819,189">
<area shape="rect" id="node12" href="oversim.underlay.inetunderlay.InetUnderlayNetwork.html" title="Network InetUnderlayNetwork" alt="" coords="5,6,149,34">
<area shape="rect" id="node14" href="oversim.underlay.inetunderlay.InetUnderlayNetwork6.html" title="Network InetUnderlayNetwork6" alt="" coords="173,6,325,34">
<area shape="rect" id="node16" href="oversim.underlay.reaseunderlay.ReaSEUnderlayNetworkBase.html" title="Compound Module ReaSEUnderlayNetworkBase" alt="" coords="349,6,544,34">
<area shape="rect" id="node18" href="oversim.underlay.simpleunderlay.SimpleUnderlayNetwork.html" title="Network SimpleUnderlayNetwork" alt="" coords="568,6,731,34">
<area shape="rect" id="node20" href="oversim.underlay.singlehostunderlay.SingleHostUnderlayNetwork.html" title="Network SingleHostUnderlayNetwork" alt="" coords="755,6,941,34">
