<area shape="rect" id="node1" href="oversim.common.BaseApp.html" title="Simple Module BaseApp" alt="" coords="957,83,1032,111">
<area shape="rect" id="node4" href="oversim.applications.almtest.ALMTest.html" title="Simple Module ALMTest" alt="" coords="5,161,80,189">
<area shape="rect" id="node6" href="oversim.common.BootstrapList.html" title="Simple Module BootstrapList" alt="" coords="104,161,203,189">
<area shape="rect" id="node8" href="oversim.common.cbr.CBRDHT.html" title="Simple Module CBRDHT" alt="" coords="227,161,304,189">
<area shape="rect" id="node10" href="oversim.applications.dht.DHT.html" title="Simple Module DHT" alt="" coords="328,161,400,189">
<area shape="rect" id="node12" href="oversim.tier2.dhttestapp.DHTTestApp.html" title="Simple Module DHTTestApp" alt="" coords="424,161,523,189">
<area shape="rect" id="node14" href="oversim.applications.giasearchapp.GIASearchApp.html" title="Simple Module GIASearchApp" alt="" coords="547,161,656,189">
<area shape="rect" id="node16" href="oversim.applications.i3.I3.html" title="Simple Module I3" alt="" coords="680,161,752,189">
<area shape="rect" id="node18" href="oversim.applications.kbrtestapp.KBRTestApp.html" title="Simple Module KBRTestApp" alt="" coords="776,161,875,189">
<area shape="rect" id="node20" href="oversim.common.cbr.Landmark.html" title="Simple Module Landmark" alt="" coords="899,161,976,189">
<area shape="rect" id="node22" href="oversim.applications.myapplication.MyApplication.html" title="Simple Module MyApplication" alt="" coords="1000,161,1104,189">
<area shape="rect" id="node24" href="oversim.common.NeighborCache.html" title="Simple Module NeighborCache" alt="" coords="1128,161,1240,189">
<area shape="rect" id="node26" href="oversim.tier2.p2pns.P2pns.html" title="Simple Module P2pns" alt="" coords="1264,161,1336,189">
<area shape="rect" id="node28" href="oversim.applications.scribe.Scribe.html" title="Simple Module Scribe" alt="" coords="1360,161,1432,189">
<area shape="rect" id="node30" href="oversim.tier2.simmud.SimMud.html" title="Simple Module SimMud" alt="" coords="1456,161,1528,189">
<area shape="rect" id="node32" href="oversim.applications.simplegameclient.SimpleGameClient.html" title="Simple Module SimpleGameClient" alt="" coords="1552,161,1683,189">
<area shape="rect" id="node34" href="oversim.applications.tcpexampleapp.TCPExampleApp.html" title="Simple Module TCPExampleApp" alt="" coords="1707,161,1829,189">
<area shape="rect" id="node36" href="oversim.common.TierDummy.html" title="Simple Module TierDummy" alt="" coords="1853,161,1944,189">
<area shape="rect" id="node38" href="oversim.tier3.xmlrpcinterface.XmlRpcInterface.html" title="Simple Module XmlRpcInterface" alt="" coords="1968,161,2088,189">
<area shape="rect" id="node2" href="oversim.common.BaseRpc.html" title="Simple Module BaseRpc" alt="" coords="957,6,1032,34">
