<area shape="rect" id="node1" href="oversim.underlay.simpleunderlay.SimpleOverlayHost.html" title="Compound Module SimpleOverlayHost" alt="" coords="556,83,689,111">
<area shape="rect" id="node2" href="oversim.common.BootstrapList.html" title="Simple Module BootstrapList" alt="" coords="5,161,104,189">
<area shape="rect" id="node4" href="ned.IdealChannel.html" title="Channel IdealChannel" alt="" coords="128,161,227,189">
<area shape="rect" id="node6" href="../../../inet/doc/neddoc/inet.networklayer.common.InterfaceTable.html" title="Simple Module InterfaceTable" alt="" coords="251,161,355,189">
<area shape="rect" id="node8" href="oversim.underlay.simpleunderlay.SimpleUDP.html" title="Simple Module SimpleUDP" alt="" coords="379,161,469,189">
<area shape="rect" id="node10" href="../../../inet/doc/neddoc/inet.base.NotificationBoard.html" title="Simple Module NotificationBoard" alt="" coords="493,161,616,189">
<area shape="rect" id="node12" href="oversim.common.CryptoModule.html" title="Simple Module CryptoModule" alt="" coords="640,161,741,189">
<area shape="rect" id="node14" href="oversim.underlay.simpleunderlay.SimpleTCP.html" title="Simple Module SimpleTCP" alt="" coords="765,161,853,189">
<area shape="rect" id="node16" href="oversim.common.IOverlay.html" title="Module Interface IOverlay" alt="" coords="877,161,949,189">
<area shape="rect" id="node18" href="oversim.common.ITier.html" title="Module Interface ITier" alt="" coords="973,161,1045,189">
<area shape="rect" id="node20" href="oversim.common.NeighborCache.html" title="Simple Module NeighborCache" alt="" coords="1069,161,1181,189">
<area shape="rect" id="node22" href="oversim.underlay.simpleunderlay.SimpleUnderlayNetwork.html" title="Network SimpleUnderlayNetwork" alt="" coords="541,6,704,34">
