<area shape="rect" id="node1" href="oversim.underlay.simpleunderlay.SimpleMultiOverlayHost.html" title="Compound Module SimpleMultiOverlayHost" alt="" coords="541,6,704,34">
<area shape="rect" id="node2" href="oversim.common.BootstrapList.html" title="Simple Module BootstrapList" alt="" coords="5,83,104,111">
<area shape="rect" id="node4" href="ned.IdealChannel.html" title="Channel IdealChannel" alt="" coords="128,83,227,111">
<area shape="rect" id="node6" href="../../../inet/doc/neddoc/inet.networklayer.common.InterfaceTable.html" title="Simple Module InterfaceTable" alt="" coords="251,83,355,111">
<area shape="rect" id="node8" href="oversim.underlay.simpleunderlay.SimpleUDP.html" title="Simple Module SimpleUDP" alt="" coords="379,83,469,111">
<area shape="rect" id="node10" href="../../../inet/doc/neddoc/inet.base.NotificationBoard.html" title="Simple Module NotificationBoard" alt="" coords="493,83,616,111">
<area shape="rect" id="node12" href="oversim.common.CryptoModule.html" title="Simple Module CryptoModule" alt="" coords="640,83,741,111">
<area shape="rect" id="node14" href="oversim.underlay.simpleunderlay.SimpleTCP.html" title="Simple Module SimpleTCP" alt="" coords="765,83,853,111">
<area shape="rect" id="node16" href="oversim.common.IOverlay.html" title="Module Interface IOverlay" alt="" coords="877,83,949,111">
<area shape="rect" id="node18" href="oversim.common.ITier.html" title="Module Interface ITier" alt="" coords="973,83,1045,111">
<area shape="rect" id="node20" href="oversim.common.NeighborCache.html" title="Simple Module NeighborCache" alt="" coords="1069,83,1181,111">
