<area shape="rect" id="node1" href="oversim.underlay.inetunderlay.Router.html" title="Compound Module Router" alt="" coords="440,83,512,111">
<area shape="rect" id="node2" href="../../../inet/doc/neddoc/inet.linklayer.ethernet.EthernetInterface.html" title="Compound Module EthernetInterface" alt="" coords="5,161,128,189">
<area shape="rect" id="node4" href="../../../inet/doc/neddoc/inet.networklayer.common.InterfaceTable.html" title="Simple Module InterfaceTable" alt="" coords="152,161,256,189">
<area shape="rect" id="node6" href="../../../inet/doc/neddoc/inet.base.NotificationBoard.html" title="Simple Module NotificationBoard" alt="" coords="280,161,403,189">
<area shape="rect" id="node8" href="../../../inet/doc/neddoc/inet.networklayer.ipv4.RoutingTable.html" title="Simple Module RoutingTable" alt="" coords="427,161,525,189">
<area shape="rect" id="node10" href="../../../inet/doc/neddoc/inet.linklayer.ppp.PPPInterface.html" title="Compound Module PPPInterface" alt="" coords="549,161,648,189">
<area shape="rect" id="node12" href="../../../inet/doc/neddoc/inet.nodes.inet.NetworkLayer.html" title="Compound Module NetworkLayer" alt="" coords="672,161,773,189">
<area shape="rect" id="node14" href="../../../inet/doc/neddoc/inet.util.NAMTraceWriter.html" title="Simple Module NAMTraceWriter" alt="" coords="797,161,917,189">
<area shape="rect" id="node16" href="oversim.underlay.inetunderlay.InetUnderlayNetwork.html" title="Network InetUnderlayNetwork" alt="" coords="404,6,548,34">
