<area shape="rect" id="node1" href="oversim.common.ITier.html" title="Module Interface ITier" alt="" coords="1719,6,1791,34">
<area shape="rect" id="node2" href="oversim.applications.almtest.ALMTestModule.html" title="Compound Module ALMTestModule" alt="" coords="5,83,123,111">
<area shape="rect" id="node4" href="oversim.common.cbr.CBRDHTModules.html" title="Compound Module CBRDHTModules" alt="" coords="147,83,275,111">
<area shape="rect" id="node6" href="oversim.applications.dht.DHTModules.html" title="Compound Module DHTModules" alt="" coords="299,83,397,111">
<area shape="rect" id="node8" href="oversim.tier2.dhttestapp.DHTTestAppModules.html" title="Compound Module DHTTestAppModules" alt="" coords="421,83,568,111">
<area shape="rect" id="node10" href="oversim.applications.giasearchapp.GIASearchAppModules.html" title="Compound Module GIASearchAppModules" alt="" coords="592,83,749,111">
<area shape="rect" id="node12" href="oversim.applications.i3.i3Apps.I3Anycast.html" title="Simple Module I3Anycast" alt="" coords="773,83,853,111">
<area shape="rect" id="node14" href="oversim.applications.i3.i3Apps.I3Composite.html" title="Simple Module I3Composite" alt="" coords="877,83,973,111">
<area shape="rect" id="node16" href="oversim.applications.i3.i3Apps.I3HostMobility.html" title="Simple Module I3HostMobility" alt="" coords="997,83,1104,111">
<area shape="rect" id="node18" href="oversim.applications.i3.i3Apps.I3LatencyStretch.html" title="Simple Module I3LatencyStretch" alt="" coords="1128,83,1248,111">
<area shape="rect" id="node20" href="oversim.applications.i3.i3Apps.I3Multicast.html" title="Simple Module I3Multicast" alt="" coords="1272,83,1357,111">
<area shape="rect" id="node22" href="oversim.applications.i3.i3Apps.I3SessionClient.html" title="Simple Module I3SessionClient" alt="" coords="1381,83,1496,111">
<area shape="rect" id="node24" href="oversim.applications.i3.i3Apps.I3SessionClientStarter.html" title="Simple Module I3SessionClientStarter" alt="" coords="1520,83,1672,111">
<area shape="rect" id="node26" href="oversim.applications.i3.i3Apps.I3SessionServer.html" title="Simple Module I3SessionServer" alt="" coords="1696,83,1813,111">
<area shape="rect" id="node28" href="oversim.applications.i3.i3Apps.I3TRTClient.html" title="Simple Module I3TRTClient" alt="" coords="1837,83,1931,111">
<area shape="rect" id="node30" href="oversim.applications.kbrtestapp.KBRTestAppModules.html" title="Compound Module KBRTestAppModules" alt="" coords="1955,83,2101,111">
<area shape="rect" id="node32" href="oversim.common.cbr.LandmarkModules.html" title="Compound Module LandmarkModules" alt="" coords="2125,83,2253,111">
<area shape="rect" id="node34" href="oversim.applications.scribe.MulticastScribe.html" title="Compound Module MulticastScribe" alt="" coords="2277,83,2389,111">
<area shape="rect" id="node36" href="oversim.applications.myapplication.MyApplicationModules.html" title="Compound Module MyApplicationModules" alt="" coords="2413,83,2565,111">
<area shape="rect" id="node38" href="oversim.applications.i3.OverlayI3.html" title="Compound Module OverlayI3" alt="" coords="2589,83,2667,111">
<area shape="rect" id="node40" href="oversim.tier2.p2pns.P2pnsModules.html" title="Compound Module P2pnsModules" alt="" coords="2691,83,2797,111">
<area shape="rect" id="node42" href="oversim.tier2.simmud.SimMudModules.html" title="Compound Module SimMudModules" alt="" coords="2821,83,2939,111">
<area shape="rect" id="node44" href="oversim.applications.simplegameclient.SimpleGameClientModules.html" title="Compound Module SimpleGameClientModules" alt="" coords="2963,83,3141,111">
<area shape="rect" id="node46" href="oversim.applications.tcpexampleapp.TCPExampleAppModules.html" title="Compound Module TCPExampleAppModules" alt="" coords="3165,83,3336,111">
<area shape="rect" id="node48" href="oversim.common.TierDummy.html" title="Simple Module TierDummy" alt="" coords="3360,83,3451,111">
<area shape="rect" id="node50" href="oversim.tier3.xmlrpcinterface.XmlRpcInterfaceModules.html" title="Compound Module XmlRpcInterfaceModules" alt="" coords="3475,83,3643,111">
