<area shape="rect" id="node1" href="oversim.common.CryptoModule.html" title="Simple Module CryptoModule" alt="" coords="717,83,819,111">
<area shape="rect" id="node2" href="oversim.underlay.inetunderlay.InetOverlayHost.html" title="Compound Module InetOverlayHost" alt="" coords="5,6,123,34">
<area shape="rect" id="node4" href="oversim.underlay.inetunderlay.ipv6.InetOverlayHost6.html" title="Compound Module InetOverlayHost6" alt="" coords="147,6,269,34">
<area shape="rect" id="node6" href="oversim.underlay.inetunderlay.OverlayAccessRouter.html" title="Compound Module OverlayAccessRouter" alt="" coords="293,6,443,34">
<area shape="rect" id="node8" href="oversim.underlay.inetunderlay.ipv6.OverlayAccessRouter6.html" title="Compound Module OverlayAccessRouter6" alt="" coords="467,6,624,34">
<area shape="rect" id="node10" href="oversim.underlay.inetunderlay.OverlayRouter.html" title="Compound Module OverlayRouter" alt="" coords="648,6,755,34">
<area shape="rect" id="node12" href="oversim.underlay.inetunderlay.ipv6.OverlayRouter6.html" title="Compound Module OverlayRouter6" alt="" coords="779,6,891,34">
<area shape="rect" id="node14" href="oversim.underlay.reaseunderlay.ReaSEOverlayHost.html" title="Compound Module ReaSEOverlayHost" alt="" coords="915,6,1051,34">
<area shape="rect" id="node16" href="oversim.underlay.simpleunderlay.SimpleMultiOverlayHost.html" title="Compound Module SimpleMultiOverlayHost" alt="" coords="1075,6,1237,34">
<area shape="rect" id="node18" href="oversim.underlay.simpleunderlay.SimpleOverlayHost.html" title="Compound Module SimpleOverlayHost" alt="" coords="1261,6,1395,34">
<area shape="rect" id="node20" href="oversim.underlay.singlehostunderlay.SingleHost.html" title="Compound Module SingleHost" alt="" coords="1419,6,1504,34">
