<area shape="rect" id="node1" href="oversim.underlay.inetunderlay.InetUnderlayNetwork.html" title="Network InetUnderlayNetwork" alt="" coords="543,6,687,34">
<area shape="rect" id="node2" href="oversim.underlay.inetunderlay.OverlayRouter.html" title="Compound Module OverlayRouter" alt="" coords="5,83,112,111">
<area shape="rect" id="node4" href="oversim.underlay.inetunderlay.Router.html" title="Compound Module Router" alt="" coords="136,83,208,111">
<area shape="rect" id="node6" href="oversim.underlay.inetunderlay.TunOutRouter.html" title="Compound Module TunOutRouter" alt="" coords="232,83,336,111">
<area shape="rect" id="node8" href="oversim.common.GlobalObserver.html" title="Compound Module GlobalObserver" alt="" coords="360,83,472,111">
<area shape="rect" id="node10" href="oversim.underlay.inetunderlay.AccessRouter.html" title="Compound Module AccessRouter" alt="" coords="496,83,600,111">
<area shape="rect" id="node12" href="oversim.underlay.inetunderlay.InetOverlayHost.html" title="Compound Module InetOverlayHost" alt="" coords="624,83,741,111">
<area shape="rect" id="node14" href="oversim.common.inet_fiberline.html" title="Channel inet_fiberline" alt="" coords="765,83,859,111">
<area shape="rect" id="node16" href="oversim.underlay.inetunderlay.OverlayAccessRouter.html" title="Compound Module OverlayAccessRouter" alt="" coords="883,83,1032,111">
<area shape="rect" id="node18" href="oversim.common.ChurnGenerator.html" title="Simple Module ChurnGenerator" alt="" coords="1056,83,1171,111">
<area shape="rect" id="node20" href="oversim.underlay.inetunderlay.InetUnderlayConfigurator.html" title="Simple Module InetUnderlayConfigurator" alt="" coords="1195,83,1360,111">
