<area shape="rect" id="node1" href="PastryMessage.html" title="Packet PastryMessage" alt="" coords="468,83,580,111">
<area shape="rect" id="node4" href="PastryJoinMessage.html" title="Packet PastryJoinMessage" alt="" coords="5,161,141,189">
<area shape="rect" id="node6" href="PastryLeafsetMessage.html" title="Packet PastryLeafsetMessage" alt="" coords="165,161,320,189">
<area shape="rect" id="node8" href="PastryRequestMessage.html" title="Packet PastryRequestMessage" alt="" coords="344,161,507,189">
<area shape="rect" id="node10" href="PastryRoutingRowMessage.html" title="Packet PastryRoutingRowMessage" alt="" coords="531,161,715,189">
<area shape="rect" id="node12" href="PastryRoutingRowRequestMessage.html" title="Packet PastryRoutingRowRequestMessage" alt="" coords="739,161,973,189">
<area shape="rect" id="node14" href="PastryStateMessage.html" title="Packet PastryStateMessage" alt="" coords="997,161,1141,189">
<area shape="rect" id="node2" href="BaseOverlayMessage.html" title="Packet BaseOverlayMessage" alt="" coords="449,6,599,34">
